hello from write_to_file
